// Vitest Snapshot v1, https://vitest.dev/guide/snapshot.html

exports[`SpreadElement > deep parse 1`] = `
[
  {
    "fileName": Any<String>,
    "id": Any<String>,
    "type": "chunk",
  },
  {
    "fileName": Any<String>,
    "id": Any<String>,
    "type": "chunk",
  },
  {
    "fileName": Any<String>,
    "id": Any<String>,
    "type": "chunk",
  },
]
`;

exports[`SpreadElement > parse 1`] = `
[
  {
    "fileName": Any<String>,
    "id": Any<String>,
    "type": "chunk",
  },
  {
    "fileName": Any<String>,
    "id": Any<String>,
    "type": "chunk",
  },
]
`;

exports[`normalize > match 1`] = `
[
  Node {
    "end": 65,
    "extra": {
      "raw": "'./content/inject.ts'",
      "rawValue": "./content/inject.ts",
    },
    "loc": SourceLocation {
      "end": Position {
        "column": 31,
        "index": 65,
        "line": 3,
      },
      "filename": undefined,
      "identifierName": undefined,
      "start": Position {
        "column": 10,
        "index": 44,
        "line": 3,
      },
    },
    "start": 44,
    "type": "StringLiteral",
    "value": "./content/inject.ts",
  },
]
`;

exports[`normalize > match 2`] = `
[
  Node {
    "argument": Node {
      "end": 54,
      "loc": SourceLocation {
        "end": Position {
          "column": 17,
          "index": 54,
          "line": 5,
        },
        "filename": undefined,
        "identifierName": "files",
        "start": Position {
          "column": 12,
          "index": 49,
          "line": 5,
        },
      },
      "name": "files",
      "start": 49,
      "type": "Identifier",
    },
    "end": 54,
    "loc": SourceLocation {
      "end": Position {
        "column": 17,
        "index": 54,
        "line": 5,
      },
      "filename": undefined,
      "identifierName": undefined,
      "start": Position {
        "column": 9,
        "index": 46,
        "line": 5,
      },
    },
    "start": 46,
    "type": "SpreadElement",
  },
  Node {
    "end": 56,
    "extra": {
      "raw": "1",
      "rawValue": 1,
    },
    "loc": SourceLocation {
      "end": Position {
        "column": 19,
        "index": 56,
        "line": 5,
      },
      "filename": undefined,
      "identifierName": undefined,
      "start": Position {
        "column": 18,
        "index": 55,
        "line": 5,
      },
    },
    "start": 55,
    "type": "NumericLiteral",
    "value": 1,
  },
]
`;

exports[`normalize > match 3`] = `
[
  Node {
    "end": 228,
    "extra": {
      "raw": "\\"4\\"",
      "rawValue": "4",
    },
    "loc": SourceLocation {
      "end": Position {
        "column": 18,
        "index": 228,
        "line": 19,
      },
      "filename": undefined,
      "identifierName": undefined,
      "start": Position {
        "column": 15,
        "index": 225,
        "line": 19,
      },
    },
    "start": 225,
    "type": "StringLiteral",
    "value": "4",
  },
]
`;

exports[`normalize > parse 1`] = `
[
  {
    "fileName": Any<String>,
    "id": Any<String>,
    "type": "chunk",
  },
  {
    "fileName": Any<String>,
    "id": Any<String>,
    "type": "chunk",
  },
]
`;
